main.c:117:7:concat	32	static
main.c:126:6:HAL_UART_RxCpltCallback	16	static
main.c:142:10:hcsr04_read	8	static
main.c:164:6:HAL_TIM_PeriodElapsedCallback	16	static
main.c:185:5:main	32	static
main.c:295:6:SystemClock_Config	88	static
main.c:339:13:MX_DCMI_Init	8	static
main.c:372:13:MX_I2C2_Init	8	static
main.c:406:13:MX_SPI1_Init	8	static
main.c:444:13:MX_TIM3_Init	32	static
main.c:489:13:MX_USART2_UART_Init	8	static
main.c:520:13:MX_DMA_Init	16	static
main.c:538:13:MX_GPIO_Init	56	static
main.c:594:6:Error_Handler	4	static
